// Jest Snapshot v1, https://jestjs.io/docs/snapshot-testing

exports[`ForwardOtherEmailStack matches the snapshot 1`] = `
{
  "Parameters": {
    "BootstrapVersion": {
      "Default": "/cdk-bootstrap/hnb659fds/version",
      "Description": "Version of the CDK Bootstrap resources in this environment, automatically retrieved from SSM Parameter Store. [cdk:skip]",
      "Type": "AWS::SSM::Parameter::Value<String>",
    },
  },
  "Resources": {
    "ForwardEmailFunction25B7C19C": {
      "Properties": {
        "Code": {
          "S3Bucket": {
            "Fn::Sub": "cdk-hnb659fds-assets-\${AWS::AccountId}-\${AWS::Region}",
          },
          "S3Key": "7a9fdd591dd8771797848d23037a83d6980753860dce2c3a5fe2c6d50c6d7645.zip",
        },
        "Environment": {
          "Variables": {
            "SECRET_NAME": "forward-other-email-secrets",
          },
        },
        "FunctionName": "forward-other-email",
        "Handler": "index.handler",
        "MemorySize": 128,
        "Role": "arn:aws:iam::123456789:role/test-role",
        "Runtime": "nodejs22.x",
        "Timeout": 30,
      },
      "Type": "AWS::Lambda::Function",
    },
  },
  "Rules": {
    "CheckBootstrapVersion": {
      "Assertions": [
        {
          "Assert": {
            "Fn::Not": [
              {
                "Fn::Contains": [
                  [
                    "1",
                    "2",
                    "3",
                    "4",
                    "5",
                  ],
                  {
                    "Ref": "BootstrapVersion",
                  },
                ],
              },
            ],
          },
          "AssertDescription": "CDK bootstrap stack version 6 required. Please run 'cdk bootstrap' with a recent version of the CDK CLI.",
        },
      ],
    },
  },
}
`;
